python : C:\Users\Matheus\Documents\MeusProgramasPy\data_partners_request\reports\pdf_generator.py:108: UserWarning: 
Attempting to set identical low and high ylims makes transformation singular; automatically expanding.
No linha:1 caractere:84
+ ... ata_partners_request" ; python main.py 2>&1 > test_output.txt ; Get-C ...
+                             ~~~~~~~~~~~~~~~~~~~~~~~~~~~~~~~~~~~~~
    + CategoryInfo          : NotSpecified: (C:\Users\Matheu...ally expanding.:String) [], RemoteException
    + FullyQualifiedErrorId : NativeCommandError
 
  ax.set_ylim(0, valor_medio_por_consumo * 1.25)
C:\Users\Matheus\Documents\MeusProgramasPy\data_partners_request\reports\pdf_generator.py:143: UserWarning: Tight 
layout not applied. The bottom and top margins cannot be made large enough to accommodate all Axes decorations.
  plt.tight_layout()
C:\Users\Matheus\Documents\MeusProgramasPy\data_partners_request\reports\pdf_generator.py:108: UserWarning: 
Attempting to set identical low and high ylims makes transformation singular; automatically expanding.
  ax.set_ylim(0, valor_medio_por_consumo * 1.25)
C:\Users\Matheus\Documents\MeusProgramasPy\data_partners_request\reports\pdf_generator.py:143: UserWarning: Tight 
layout not applied. The bottom and top margins cannot be made large enough to accommodate all Axes decorations.
  plt.tight_layout()
C:\Users\Matheus\Documents\MeusProgramasPy\data_partners_request\reports\pdf_generator.py:108: UserWarning: 
Attempting to set identical low and high ylims makes transformation singular; automatically expanding.
  ax.set_ylim(0, valor_medio_por_consumo * 1.25)
C:\Users\Matheus\Documents\MeusProgramasPy\data_partners_request\reports\pdf_generator.py:143: UserWarning: Tight 
layout not applied. The bottom and top margins cannot be made large enough to accommodate all Axes decorations.
  plt.tight_layout()
C:\Users\Matheus\Documents\MeusProgramasPy\data_partners_request\reports\pdf_generator.py:143: UserWarning: Tight 
layout not applied. The bottom and top margins cannot be made large enough to accommodate all Axes decorations.
  plt.tight_layout()
C:\Users\Matheus\Documents\MeusProgramasPy\data_partners_request\reports\pdf_generator.py:108: UserWarning: 
Attempting to set identical low and high ylims makes transformation singular; automatically expanding.
  ax.set_ylim(0, valor_medio_por_consumo * 1.25)
C:\Users\Matheus\Documents\MeusProgramasPy\data_partners_request\reports\pdf_generator.py:143: UserWarning: Tight 
layout not applied. The bottom and top margins cannot be made large enough to accommodate all Axes decorations.
  plt.tight_layout()
C:\Users\Matheus\Documents\MeusProgramasPy\data_partners_request\reports\pdf_generator.py:108: UserWarning: 
Attempting to set identical low and high ylims makes transformation singular; automatically expanding.
  ax.set_ylim(0, valor_medio_por_consumo * 1.25)
C:\Users\Matheus\Documents\MeusProgramasPy\data_partners_request\reports\pdf_generator.py:143: UserWarning: Tight 
layout not applied. The bottom and top margins cannot be made large enough to accommodate all Axes decorations.
  plt.tight_layout()
C:\Users\Matheus\Documents\MeusProgramasPy\data_partners_request\reports\pdf_generator.py:108: UserWarning: 
Attempting to set identical low and high ylims makes transformation singular; automatically expanding.
  ax.set_ylim(0, valor_medio_por_consumo * 1.25)
C:\Users\Matheus\Documents\MeusProgramasPy\data_partners_request\reports\pdf_generator.py:143: UserWarning: Tight 
layout not applied. The bottom and top margins cannot be made large enough to accommodate all Axes decorations.
  plt.tight_layout()
C:\Users\Matheus\Documents\MeusProgramasPy\data_partners_request\reports\pdf_generator.py:108: UserWarning: 
Attempting to set identical low and high ylims makes transformation singular; automatically expanding.
  ax.set_ylim(0, valor_medio_por_consumo * 1.25)
C:\Users\Matheus\Documents\MeusProgramasPy\data_partners_request\reports\pdf_generator.py:143: UserWarning: Tight 
layout not applied. The bottom and top margins cannot be made large enough to accommodate all Axes decorations.
  plt.tight_layout()
C:\Users\Matheus\Documents\MeusProgramasPy\data_partners_request\reports\pdf_generator.py:108: UserWarning: 
Attempting to set identical low and high ylims makes transformation singular; automatically expanding.
  ax.set_ylim(0, valor_medio_por_consumo * 1.25)
C:\Users\Matheus\Documents\MeusProgramasPy\data_partners_request\reports\pdf_generator.py:143: UserWarning: Tight 
layout not applied. The bottom and top margins cannot be made large enough to accommodate all Axes decorations.
  plt.tight_layout()
C:\Users\Matheus\Documents\MeusProgramasPy\data_partners_request\reports\pdf_generator.py:108: UserWarning: 
Attempting to set identical low and high ylims makes transformation singular; automatically expanding.
  ax.set_ylim(0, valor_medio_por_consumo * 1.25)
C:\Users\Matheus\Documents\MeusProgramasPy\data_partners_request\reports\pdf_generator.py:143: UserWarning: Tight 
layout not applied. The bottom and top margins cannot be made large enough to accommodate all Axes decorations.
  plt.tight_layout()
PDF gerado com sucesso: C:\Users\Matheus\Documents\MeusProgramasPy\data_partners_request\child_files\00_-_AT_-_Victor_Hunka.pdf
PDF gerado com sucesso: C:\Users\Matheus\Documents\MeusProgramasPy\data_partners_request\child_files\02_-_Indique_-_AASA_ASSOCIAÃ├O_DOS_AGENTES_DE_SA┌DE_DO_ESTADO_DA_BAHIA.pdf
PDF gerado com sucesso: C:\Users\Matheus\Documents\MeusProgramasPy\data_partners_request\child_files\02_-_Indique_-_BAHIA_TACOGRAFO_LTDA_(Pablo_Ricardo_da_Silva_Leal).pdf
PDF gerado com sucesso: C:\Users\Matheus\Documents\MeusProgramasPy\data_partners_request\child_files\02_-_Indique_-_CONECTFIBRA_(Adriano).pdf
PDF gerado com sucesso: C:\Users\Matheus\Documents\MeusProgramasPy\data_partners_request\child_files\02_-_Indique_-_Cacai_Leal.pdf
PDF gerado com sucesso: C:\Users\Matheus\Documents\MeusProgramasPy\data_partners_request\child_files\02_-_Indique_-_ISISNET_FIBER.pdf
PDF gerado com sucesso: C:\Users\Matheus\Documents\MeusProgramasPy\data_partners_request\child_files\02_-_Indique_-_JAIR_DE_ALMEIDA_SILVA_(Jair).pdf
PDF gerado com sucesso: C:\Users\Matheus\Documents\MeusProgramasPy\data_partners_request\child_files\02_-_Indique_-_Jorge_Bianchi.pdf
PDF gerado com sucesso: C:\Users\Matheus\Documents\MeusProgramasPy\data_partners_request\child_files\02_-_Indique_-_LUCIANO_VIANA_DOS_SANTOS_REPRESENTAÃıES.pdf
PDF gerado com sucesso: C:\Users\Matheus\Documents\MeusProgramasPy\data_partners_request\child_files\02_-_Indique_-_Michel_Arabe.pdf
PDF gerado com sucesso: C:\Users\Matheus\Documents\MeusProgramasPy\data_partners_request\child_files\02_-_Indique_-_Milton_Netomilto_Cond_Princesa_do_SertÒo_FSA.pdf
PDF gerado com sucesso: C:\Users\Matheus\Documents\MeusProgramasPy\data_partners_request\child_files\03_-_Plus_-_EDUARDO_PERES_DA_SILVA_(Eduardo).pdf
PDF gerado com sucesso: C:\Users\Matheus\Documents\MeusProgramasPy\data_partners_request\child_files\03_-_Plus_-_EPSOL_ENERGIA_SOLAR_(Eduardo).pdf
PDF gerado com sucesso: C:\Users\Matheus\Documents\MeusProgramasPy\data_partners_request\child_files\03_-_Plus_-_Enerx_-_Viktor.pdf
PDF gerado com sucesso: C:\Users\Matheus\Documents\MeusProgramasPy\data_partners_request\child_files\03_-_Plus_-_LUIZ_MEDRADO.pdf
PDF gerado com sucesso: C:\Users\Matheus\Documents\MeusProgramasPy\data_partners_request\child_files\03_-_Plus_-_MONTTEREY_(Bruno_Ribeiro).pdf
PDF gerado com sucesso: C:\Users\Matheus\Documents\MeusProgramasPy\data_partners_request\child_files\03_-_Plus_-_Silvia_Gentil.pdf
PDF gerado com sucesso: C:\Users\Matheus\Documents\MeusProgramasPy\data_partners_request\child_files\03_-_Plus_-_Sirlene_Macrosol.pdf
PDF gerado com sucesso: C:\Users\Matheus\Documents\MeusProgramasPy\data_partners_request\child_files\03_-_Plus_-_VIP_AIR_ADVISOR_CONSULTORIA_LTDA.pdf
PDF gerado com sucesso: C:\Users\Matheus\Documents\MeusProgramasPy\data_partners_request\child_files\03_-_Plus_-_Vanessa_Adorno.pdf
PDF gerado com sucesso: C:\Users\Matheus\Documents\MeusProgramasPy\data_partners_request\child_files\04_-_Gold_-_Eduardo_Barbalho_Cardoso.pdf
PDF gerado com sucesso: C:\Users\Matheus\Documents\MeusProgramasPy\data_partners_request\child_files\04_-_Gold_-_Eduardo_Reis.pdf
PDF gerado com sucesso: C:\Users\Matheus\Documents\MeusProgramasPy\data_partners_request\child_files\04_-_Gold_-_GF_CAPITAL,_INVESTIMENTOS_E_ASSESSORIA_LTDA_(Anderson_Velloso).pdf
PDF gerado com sucesso: C:\Users\Matheus\Documents\MeusProgramasPy\data_partners_request\child_files\04_-_Gold_-_Genildo_SETEX_(ACEFS).pdf
PDF gerado com sucesso: C:\Users\Matheus\Documents\MeusProgramasPy\data_partners_request\child_files\04_-_Gold_-_JOSE_VICTOR_MEDEIROS_CARNEIRO_BRAGA.pdf
PDF gerado com sucesso: C:\Users\Matheus\Documents\MeusProgramasPy\data_partners_request\child_files\04_-_Gold_-_JOS╔_VICTOR_MEDEIROS_CARNEIRO_BRAGA.pdf
PDF gerado com sucesso: C:\Users\Matheus\Documents\MeusProgramasPy\data_partners_request\child_files\04_-_Gold_-_Julio_Cesar.pdf
PDF gerado com sucesso: C:\Users\Matheus\Documents\MeusProgramasPy\data_partners_request\child_files\04_-_Gold_-_MAURICIO_(Mauricio_Viana).pdf
PDF gerado com sucesso: C:\Users\Matheus\Documents\MeusProgramasPy\data_partners_request\child_files\04_-_Gold_-_MAUR═CIO_VIANA.pdf
PDF gerado com sucesso: C:\Users\Matheus\Documents\MeusProgramasPy\data_partners_request\child_files\04_-_Gold_-_Roberto_Pimentel.pdf
PDF gerado com sucesso: C:\Users\Matheus\Documents\MeusProgramasPy\data_partners_request\child_files\04_-_Gold_-_VANESSA_MARQUES_GONCALVES_SERVICOS_ADMINISTRATIVOS_LTDA.pdf
PDF gerado com sucesso: C:\Users\Matheus\Documents\MeusProgramasPy\data_partners_request\child_files\05_-_Exsat_-_LM_SATELITE_SERVICOS_E_REPRESENTACOES_COMERCIAIS_LTDA_(Miguel).pdf
PDF gerado com sucesso: C:\Users\Matheus\Documents\MeusProgramasPy\data_partners_request\child_files\06_-_Parceiro_Exsat_-_ACTEC_-_(┴lvaro_Rios).pdf
PDF gerado com sucesso: C:\Users\Matheus\Documents\MeusProgramasPy\data_partners_request\child_files\06_-_Parceiro_Exsat_-_ALAN_LEMOS.pdf
PDF gerado com sucesso: C:\Users\Matheus\Documents\MeusProgramasPy\data_partners_request\child_files\06_-_Parceiro_Exsat_-_Antonio_Fernandes_Barros.pdf
PDF gerado com sucesso: C:\Users\Matheus\Documents\MeusProgramasPy\data_partners_request\child_files\06_-_Parceiro_Exsat_-_BILLTECH_SEGURANCA_ELETRONICA.pdf
PDF gerado com sucesso: C:\Users\Matheus\Documents\MeusProgramasPy\data_partners_request\child_files\06_-_Parceiro_Exsat_-_DAIANE_DAMASCENO_DANTAS_(Jairo_Dantas).pdf
PDF gerado com sucesso: C:\Users\Matheus\Documents\MeusProgramasPy\data_partners_request\child_files\06_-_Parceiro_Exsat_-_DSL_SOLAR_LTDA_(Dalmo_Ferreira_Lopes).pdf
PDF gerado com sucesso: C:\Users\Matheus\Documents\MeusProgramasPy\data_partners_request\child_files\06_-_Parceiro_Exsat_-_E_JOVITA_DOS_SANTOS_(Roberlan).pdf
PDF gerado com sucesso: C:\Users\Matheus\Documents\MeusProgramasPy\data_partners_request\child_files\06_-_Parceiro_Exsat_-_FC_TELECOMUNICAÃıES_E_SEGURANÃA_ELETRONICA_(FL┴VIO_DA_SILVA).pdf
PDF gerado com sucesso: C:\Users\Matheus\Documents\MeusProgramasPy\data_partners_request\child_files\06_-_Parceiro_Exsat_-_Gilmar.pdf
PDF gerado com sucesso: C:\Users\Matheus\Documents\MeusProgramasPy\data_partners_request\child_files\06_-_Parceiro_Exsat_-_HELP_SEGURANÃA_ELETRÈNICA_(Tiago).pdf
PDF gerado com sucesso: C:\Users\Matheus\Documents\MeusProgramasPy\data_partners_request\child_files\06_-_Parceiro_Exsat_-_JPL-_Osvaldo.pdf
PDF gerado com sucesso: C:\Users\Matheus\Documents\MeusProgramasPy\data_partners_request\child_files\06_-_Parceiro_Exsat_-_JSD_-_Josiel.pdf
PDF gerado com sucesso: C:\Users\Matheus\Documents\MeusProgramasPy\data_partners_request\child_files\06_-_Parceiro_Exsat_-_JosÚ_Claudio_Santos_Silva.pdf
PDF gerado com sucesso: C:\Users\Matheus\Documents\MeusProgramasPy\data_partners_request\child_files\06_-_Parceiro_Exsat_-_LAC_CONSTRUTEC_CONSTRUTORA_LTDA_(Luiz).pdf
PDF gerado com sucesso: C:\Users\Matheus\Documents\MeusProgramasPy\data_partners_request\child_files\06_-_Parceiro_Exsat_-_MARIA_DE_FATIMA_FERREIRA_BECKMAN_(Willian_Beckman).pdf
PDF gerado com sucesso: C:\Users\Matheus\Documents\MeusProgramasPy\data_partners_request\child_files\06_-_Parceiro_Exsat_-_MOSCOSO_SERVIÃOS_DE_ENGENHARIA_ELETRÈNICA_LTDA_(Gustavo).pdf
PDF gerado com sucesso: C:\Users\Matheus\Documents\MeusProgramasPy\data_partners_request\child_files\06_-_Parceiro_Exsat_-_R_JOVITA_DOS_SANTOS_(Roberlan).pdf
PDF gerado com sucesso: C:\Users\Matheus\Documents\MeusProgramasPy\data_partners_request\child_files\06_-_Parceiro_Exsat_-_Rafael_Ferreira.pdf
PDF gerado com sucesso: C:\Users\Matheus\Documents\MeusProgramasPy\data_partners_request\child_files\06_-_Parceiro_Exsat_-_SUNECOLOGY_-_TECNOLOGIAS_E_SOLUCOES_EM_ENERGIA_SOLAR_(Vivaldo).pdf
PDF gerado com sucesso: C:\Users\Matheus\Documents\MeusProgramasPy\data_partners_request\child_files\07_-_Marketing_-_Eventos_promovidos.pdf
PDF gerado com sucesso: C:\Users\Matheus\Documents\MeusProgramasPy\data_partners_request\child_files\07_-_Marketing_-_Google_Site.pdf
PDF gerado com sucesso: C:\Users\Matheus\Documents\MeusProgramasPy\data_partners_request\child_files\07_-_Marketing_-_Redes_Sociais.pdf
Traceback (most recent call last):
PDF gerado com sucesso: C:\Users\Matheus\Documents\MeusProgramasPy\data_partners_request\child_files\07_-_Marketing_-_Rßdio.pdf
PDF gerado com sucesso: C:\Users\Matheus\Documents\MeusProgramasPy\data_partners_request\child_files\08_-_Provedor_-_Evaldo_Rodrigues.pdf
PDF gerado com sucesso: C:\Users\Matheus\Documents\MeusProgramasPy\data_partners_request\child_files\08_-_Provedor_-_Linknet.pdf
PDF gerado com sucesso: C:\Users\Matheus\Documents\MeusProgramasPy\data_partners_request\child_files\08_-_Provedor_-_MONTTEREY_(Bruno_Ribeiro).pdf
PDF gerado com sucesso: C:\Users\Matheus\Documents\MeusProgramasPy\data_partners_request\child_files\08_-_Provedor_-_PLANOWEB_NETWORK_SERVIÃO_E_COMERCIO_LTDA.pdf
PDF gerado com sucesso: C:\Users\Matheus\Documents\MeusProgramasPy\data_partners_request\child_files\09_-_Provedor_MSM_-_MSM_INCUBADORA_E_CONSULTORIA_LTDA_(Mychel).pdf
PDF gerado com sucesso: C:\Users\Matheus\Documents\MeusProgramasPy\data_partners_request\child_files\11_-_Parceiro_Ademßrio_-_PRESERV_CONSULTORIA_AMBIENTAL_LTDA_(Ernane).pdf
PDF gerado com sucesso: C:\Users\Matheus\Documents\MeusProgramasPy\data_partners_request\child_files\12_-_Sandro_-_GL_AUTOMAÃ├O_E_ENERGIA_SOLAR_LTDA_(Sandro).pdf
PDF gerado com sucesso: C:\Users\Matheus\Documents\MeusProgramasPy\data_partners_request\child_files\13_-_Parceiro_Sandro_-_┴lvaro.pdf
PDF gerado com sucesso: C:\Users\Matheus\Documents\MeusProgramasPy\data_partners_request\child_files\14_-_Parceiro_Exsat_-_GMIX_-_DFV_Energia_LTDA_(Luciano_da_Silva_Santos).pdf
PDF gerado com sucesso: C:\Users\Matheus\Documents\MeusProgramasPy\data_partners_request\child_files\16_-_Indique_Personalizado_-_STEPHANIE_AGUIAR_SILVA_(Lucas_AþÒo_Service).pdf
PDF gerado com sucesso: C:\Users\Matheus\Documents\MeusProgramasPy\data_partners_request\child_files\17_-_EXATTA_&_GF_CAPITAL.pdf
PDF gerado com sucesso: C:\Users\Matheus\Documents\MeusProgramasPy\data_partners_request\child_files\18_-_Mater_Dei_-_Hospital.pdf
PDF gerado com sucesso: C:\Users\Matheus\Documents\MeusProgramasPy\data_partners_request\child_files\19_-_Recorrente_-_Inpasa.pdf
PDF gerado com sucesso: C:\Users\Matheus\Documents\MeusProgramasPy\data_partners_request\child_files\21_-_Parceiro_CDL_-_IRAILDES.pdf
PDF gerado com sucesso: C:\Users\Matheus\Documents\MeusProgramasPy\data_partners_request\child_files\21_-_Parceiro_CDL_-_JOAO.pdf
  File "C:\Users\Matheus\AppData\Local\Packages\PythonSoftwareFoundation.Python.3.11_qbz5n2kfra8p0\LocalCache\local-pa
ckages\Python311\site-packages\reportlab\lib\utils.py", line 649, in __init__
    self._image = self._read_image(self.fp)
                  ^^^^^^^^^^^^^^^^^^^^^^^^^
  File "C:\Users\Matheus\AppData\Local\Packages\PythonSoftwareFoundation.Python.3.11_qbz5n2kfra8p0\LocalCache\local-pa
ckages\Python311\site-packages\reportlab\lib\utils.py", line 666, in _read_image
    return Image.open(fp)
           ^^^^^^^^^^^^^^
  File "C:\Users\Matheus\AppData\Local\Packages\PythonSoftwareFoundation.Python.3.11_qbz5n2kfra8p0\LocalCache\local-pa
ckages\Python311\site-packages\PIL\Image.py", line 3498, in open
    raise UnidentifiedImageError(msg)
PIL.UnidentifiedImageError: cannot identify image file <_io.BytesIO object at 0x0000019A695F78D0>

During handling of the above exception, another exception occurred:

Traceback (most recent call last):
  File "C:\Users\Matheus\Documents\MeusProgramasPy\data_partners_request\main.py", line 94, in <module>
    main()
  File "C:\Users\Matheus\Documents\MeusProgramasPy\data_partners_request\main.py", line 80, in main
    generate_pdf(
  File "C:\Users\Matheus\Documents\MeusProgramasPy\data_partners_request\reports\pdf_generator.py", line 390, in 
generate_pdf
    doc.build(story)
  File "C:\Users\Matheus\AppData\Local\Packages\PythonSoftwareFoundation.Python.3.11_qbz5n2kfra8p0\LocalCache\local-pa
ckages\Python311\site-packages\reportlab\platypus\doctemplate.py", line 1322, in build
    BaseDocTemplate.build(self,flowables, canvasmaker=canvasmaker)
  File "C:\Users\Matheus\AppData\Local\Packages\PythonSoftwareFoundation.Python.3.11_qbz5n2kfra8p0\LocalCache\local-pa
ckages\Python311\site-packages\reportlab\platypus\doctemplate.py", line 1083, in build
    self.handle_flowable(flowables)
  File "C:\Users\Matheus\AppData\Local\Packages\PythonSoftwareFoundation.Python.3.11_qbz5n2kfra8p0\LocalCache\local-pa
ckages\Python311\site-packages\reportlab\platypus\doctemplate.py", line 932, in handle_flowable
    if frame.add(f, canv, trySplit=self.allowSplitting):
       ^^^^^^^^^^^^^^^^^^^^^^^^^^^^^^^^^^^^^^^^^^^^^^^^
  File "C:\Users\Matheus\AppData\Local\Packages\PythonSoftwareFoundation.Python.3.11_qbz5n2kfra8p0\LocalCache\local-pa
ckages\Python311\site-packages\reportlab\platypus\frames.py", line 158, in _add
    w, h = flowable.wrap(aW, h)
           ^^^^^^^^^^^^^^^^^^^^
  File "C:\Users\Matheus\AppData\Local\Packages\PythonSoftwareFoundation.Python.3.11_qbz5n2kfra8p0\LocalCache\local-pa
ckages\Python311\site-packages\reportlab\platypus\flowables.py", line 510, in wrap
    return self.drawWidth, self.drawHeight
           ^^^^^^^^^^^^^^
  File "C:\Users\Matheus\AppData\Local\Packages\PythonSoftwareFoundation.Python.3.11_qbz5n2kfra8p0\LocalCache\local-pa
ckages\Python311\site-packages\reportlab\platypus\flowables.py", line 504, in __getattr__
    self._setup_inner()
  File "C:\Users\Matheus\AppData\Local\Packages\PythonSoftwareFoundation.Python.3.11_qbz5n2kfra8p0\LocalCache\local-pa
ckages\Python311\site-packages\reportlab\platypus\flowables.py", line 461, in _setup_inner
    img = self._img
          ^^^^^^^^^
  File "C:\Users\Matheus\AppData\Local\Packages\PythonSoftwareFoundation.Python.3.11_qbz5n2kfra8p0\LocalCache\local-pa
ckages\Python311\site-packages\reportlab\platypus\flowables.py", line 498, in __getattr__
    self._img = ImageReader(self._file)
                ^^^^^^^^^^^^^^^^^^^^^^^
  File "C:\Users\Matheus\AppData\Local\Packages\PythonSoftwareFoundation.Python.3.11_qbz5n2kfra8p0\LocalCache\local-pa
ckages\Python311\site-packages\reportlab\lib\utils.py", line 655, in __init__
    annotateException('\nfileName=%r identity=%s'%(fileName,self.identity()))
  File "C:\Users\Matheus\AppData\Local\Packages\PythonSoftwareFoundation.Python.3.11_qbz5n2kfra8p0\LocalCache\local-pa
ckages\Python311\site-packages\reportlab\lib\utils.py", line 1176, in annotateException
    rl_reraise(t,t(sep.join((_ for _ in (msg,str(v),postMsg) if _))),b)
  File "C:\Users\Matheus\AppData\Local\Packages\PythonSoftwareFoundation.Python.3.11_qbz5n2kfra8p0\LocalCache\local-pa
ckages\Python311\site-packages\reportlab\lib\utils.py", line 138, in rl_reraise
    raise v.with_traceback(b)
  File "C:\Users\Matheus\AppData\Local\Packages\PythonSoftwareFoundation.Python.3.11_qbz5n2kfra8p0\LocalCache\local-pa
ckages\Python311\site-packages\reportlab\lib\utils.py", line 649, in __init__
    self._image = self._read_image(self.fp)
                  ^^^^^^^^^^^^^^^^^^^^^^^^^
  File "C:\Users\Matheus\AppData\Local\Packages\PythonSoftwareFoundation.Python.3.11_qbz5n2kfra8p0\LocalCache\local-pa
ckages\Python311\site-packages\reportlab\lib\utils.py", line 666, in _read_image
    return Image.open(fp)
           ^^^^^^^^^^^^^^
  File "C:\Users\Matheus\AppData\Local\Packages\PythonSoftwareFoundation.Python.3.11_qbz5n2kfra8p0\LocalCache\local-pa
ckages\Python311\site-packages\PIL\Image.py", line 3498, in open
    raise UnidentifiedImageError(msg)
PIL.UnidentifiedImageError: 
fileName='chart_main.png' identity=[ImageReader@0x19a69214f90 filename='chart_main.png'] cannot identify image file 
<_io.BytesIO object at 0x0000019A695F78D0>
